#
# There is insufficient memory for the Java Runtime Environment to continue.
# Native memory allocation (malloc) failed to allocate 1048576 bytes. Error detail: AllocateHeap
# Possible reasons:
#   The system is out of physical RAM or swap space
#   This process is running with CompressedOops enabled, and the Java Heap may be blocking the growth of the native heap
# Possible solutions:
#   Reduce memory load on the system
#   Increase physical memory or swap space
#   Check if swap backing store is full
#   Decrease Java heap size (-Xmx/-Xms)
#   Decrease number of Java threads
#   Decrease Java thread stack sizes (-Xss)
#   Set larger code cache with -XX:ReservedCodeCacheSize=
#   JVM is running with Unscaled Compressed Oops mode in which the Java heap is
#     placed in the first 4GB address space. The Java Heap base address is the
#     maximum limit for the native heap growth. Please use -XX:HeapBaseMinAddress
#     to set the Java Heap base and to place the Java Heap above 4GB virtual address.
# This output file may be truncated or incomplete.
#
#  Out of Memory Error (allocation.cpp:44), pid=8696, tid=23512
#
# JRE version:  (21.0.12.1+1) (build )
# Java VM: OpenJDK 64-Bit Server VM (21.0.12.1+1-LTS, mixed mode, sharing, tiered, compressed oops, compressed class ptrs, g1 gc, windows-amd64)
# No core dump will be written. Minidumps are not enabled by default on client versions of Windows
#

---------------  S U M M A R Y ------------

Command Line: -Xmx64m -Xms64m -Dorg.gradle.appname=gradlew D:\code\Gensokyou\\gradle\wrapper\gradle-wrapper.jar test --tests *DanmakuSyncProbeTest* --console=plain

Host: 12th Gen Intel(R) Core(TM) i7-12650H, 16 cores, 31G,  Windows 11 , 64 bit Build 22621 (10.0.22621.3672)
Time: Wed Sep 30 21:54:58 2026 elapsed time: 0.025322 seconds (0d 0h 0m 0s)

---------------  T H R E A D  ---------------

Current thread (0x000001553a9c25f0):  JavaThread "Unknown thread" [_thread_in_vm, id=23512, stack(0x00000048b5600000,0x00000048b5700000) (1024K)]

Stack: [0x00000048b5600000,0x00000048b5700000]
Native frames: (J=compiled Java code, j=interpreted, Vv=VM code, C=native code)
V  [jvm.dll+0x6d83e9]
V  [jvm.dll+0x8b5736]
V  [jvm.dll+0x8b7cee]
V  [jvm.dll+0x8b83d3]
V  [jvm.dll+0x284596]
V  [jvm.dll+0xc13c7]
V  [jvm.dll+0x33b995]
V  [jvm.dll+0x333d35]
V  [jvm.dll+0x87f6eb]
V  [jvm.dll+0x3c4fd1]
V  [jvm.dll+0x868905]
V  [jvm.dll+0x458071]
V  [jvm.dll+0x459c61]
C  [jli.dll+0x52dc]
C  [ucrtbase.dll+0x29333]
C  [KERNEL32.DLL+0x1257d]
C  [ntdll.dll+0x5af28]


---------------  P R O C E S S  ---------------

Threads class SMR info:
_java_thread_list=0x00007ffb14bab208, length=0, elements={
}

Java Threads: ( => current thread )
Total: 0

Other Threads:
  0x000001553cd35500 WorkerThread "GC Thread#0"                     [id=20724, stack(0x00000048b5700000,0x00000048b5800000) (1024K)]

[error occurred during error reporting (printing all threads), id 0xc0000005, EXCEPTION_ACCESS_VIOLATION (0xc0000005) at pc=0x00007ffb142a0550]
VM state: not at safepoint (not fully initialized)

VM Mutex/Monitor currently owned by a thread:  ([mutex/lock_event])
[0x00007ffb14c1f6b0] Heap_lock - owner thread: 0x000001553a9c25f0

Heap address: 0x00000000fc000000, size: 64 MB, Compressed Oops mode: 32-bit

CDS archive(s) mapped at: [0x0000000000000000-0x0000000000000000-0x0000000000000000), size 0, SharedBaseAddress: 0x0000000800000000, ArchiveRelocationMode: 1.
Narrow klass base: 0x0000000000000000, Narrow klass shift: 0, Narrow klass range: 0x0

GC Precious Log:
 CardTable entry size: 512
 Card Set container configuration: InlinePtr #cards 5 size 8 Array Of Cards #cards 12 size 40 Howl #buckets 4 coarsen threshold 1843 Howl Bitmap #cards 512 size 80 coarsen threshold 460 Card regions per heap region 1 cards per card region 2048

Heap:
 garbage-first heap   total 0K, used 0K [0x00000000fc000000, 0x0000000100000000)
  region size 1024K, 0 young (0K), 0 survivors (0K)

[error occurred during error reporting (printing heap information), id 0xc0000005, EXCEPTION_ACCESS_VIOLATION (0xc0000005) at pc=0x00007ffb14691d49]
GC Heap History (0 events):
No events

Dll operation events (2 events):
Event: 0.010 Attempting to load shared library F:\application\jdk-21\bin\java.dll
Event: 0.010 Loaded shared library F:\application\jdk-21\bin\java.dll

Deoptimization events (0 events):
No events

Classes loaded (0 events):
No events

Classes unloaded (0 events):
No events

Classes redefined (0 events):
No events

Internal exceptions (0 events):
No events

ZGC Phase Switch (0 events):
No events

VM Operations (0 events):
No events

Memory protections (0 events):
No events

Nmethod flushes (0 events):
No events

Events (0 events):
No events


Dynamic libraries:
0x00007ff66d8b0000 - 0x00007ff66d8be000 	F:\application\jdk-21\bin\java.exe
0x00007ffbeecd0000 - 0x00007ffbeeee7000 	C:\Windows\SYSTEM32\ntdll.dll
0x00007ffbed530000 - 0x00007ffbed5f4000 	C:\Windows\System32\KERNEL32.DLL
0x00007ffbec2d0000 - 0x00007ffbec67c000 	C:\Windows\System32\KERNELBASE.dll
0x00007ffbec8c0000 - 0x00007ffbec9d1000 	C:\Windows\System32\ucrtbase.dll
0x00007ffbe6c00000 - 0x00007ffbe6c1e000 	F:\application\jdk-21\bin\VCRUNTIME140.dll
0x00007ffbd9ab0000 - 0x00007ffbd9ac8000 	F:\application\jdk-21\bin\jli.dll
0x00007ffbee730000 - 0x00007ffbee8de000 	C:\Windows\System32\USER32.dll
0x00007ffbec9e0000 - 0x00007ffbeca06000 	C:\Windows\System32\win32u.dll
0x00007ffbed080000 - 0x00007ffbed0a9000 	C:\Windows\System32\GDI32.dll
0x00007ffbec7a0000 - 0x00007ffbec8b9000 	C:\Windows\System32\gdi32full.dll
0x00007ffbec230000 - 0x00007ffbec2ca000 	C:\Windows\System32\msvcp_win.dll
0x00007ffbd1a50000 - 0x00007ffbd1ce3000 	C:\Windows\WinSxS\amd64_microsoft.windows.common-controls_6595b64144ccf1df_6.0.22621.3672_none_2713b9d173822955\COMCTL32.dll
0x00007ffbeebe0000 - 0x00007ffbeec87000 	C:\Windows\System32\msvcrt.dll
0x00007ffbedf20000 - 0x00007ffbedf51000 	C:\Windows\System32\IMM32.DLL
0x00007ffbe6e60000 - 0x00007ffbe6e6c000 	F:\application\jdk-21\bin\vcruntime140_1.dll
0x00007ffbb1e80000 - 0x00007ffbb1f0d000 	F:\application\jdk-21\bin\msvcp140.dll
0x00007ffb13f60000 - 0x00007ffb14d02000 	F:\application\jdk-21\bin\server\jvm.dll
0x00007ffbece20000 - 0x00007ffbeced2000 	C:\Windows\System32\ADVAPI32.dll
0x00007ffbeea30000 - 0x00007ffbeeada000 	C:\Windows\System32\sechost.dll
0x00007ffbec770000 - 0x00007ffbec798000 	C:\Windows\System32\bcrypt.dll
0x00007ffbecee0000 - 0x00007ffbecff5000 	C:\Windows\System32\RPCRT4.dll
0x00007ffbed000000 - 0x00007ffbed071000 	C:\Windows\System32\WS2_32.dll
0x00007ffbebe80000 - 0x00007ffbebecd000 	C:\Windows\SYSTEM32\POWRPROF.dll
0x00007ffbe5270000 - 0x00007ffbe52a4000 	C:\Windows\SYSTEM32\WINMM.dll
0x00007ffbe4440000 - 0x00007ffbe444a000 	C:\Windows\SYSTEM32\VERSION.dll
0x00007ffbebe60000 - 0x00007ffbebe73000 	C:\Windows\SYSTEM32\UMPDC.dll
0x00007ffbeafb0000 - 0x00007ffbeafc8000 	C:\Windows\SYSTEM32\kernel.appcore.dll
0x00007ffbe6c80000 - 0x00007ffbe6c8a000 	F:\application\jdk-21\bin\jimage.dll
0x00007ffbe9790000 - 0x00007ffbe99c2000 	C:\Windows\SYSTEM32\DBGHELP.DLL
0x00007ffbee210000 - 0x00007ffbee598000 	C:\Windows\System32\combase.dll
0x00007ffbecb90000 - 0x00007ffbecc67000 	C:\Windows\System32\OLEAUT32.dll
0x00007ffbd6d30000 - 0x00007ffbd6d62000 	C:\Windows\SYSTEM32\dbgcore.DLL
0x00007ffbec680000 - 0x00007ffbec6fb000 	C:\Windows\System32\bcryptPrimitives.dll
0x00007ffbd8560000 - 0x00007ffbd8580000 	F:\application\jdk-21\bin\java.dll

JVMTI agents: none

dbghelp: loaded successfully - version: 4.0.5 - missing functions: none
symbol engine: initialized successfully - sym options: 0x614 - pdb path: .;F:\application\jdk-21\bin;C:\Windows\SYSTEM32;C:\Windows\WinSxS\amd64_microsoft.windows.common-controls_6595b64144ccf1df_6.0.22621.3672_none_2713b9d173822955;F:\application\jdk-21\bin\server

VM Arguments:
jvm_args: -Xmx64m -Xms64m -Dorg.gradle.appname=gradlew 
java_command: D:\code\Gensokyou\\gradle\wrapper\gradle-wrapper.jar test --tests *DanmakuSyncProbeTest* --console=plain
java_class_path (initial): D:\code\Gensokyou\\gradle\wrapper\gradle-wrapper.jar
Launcher Type: SUN_STANDARD

[Global flags]
     intx CICompilerCount                          = 12                                        {product} {ergonomic}
     uint ConcGCThreads                            = 3                                         {product} {ergonomic}
     uint G1ConcRefinementThreads                  = 13                                        {product} {ergonomic}
   size_t G1HeapRegionSize                         = 1048576                                   {product} {ergonomic}
    uintx GCDrainStackTargetSize                   = 64                                        {product} {ergonomic}
   size_t InitialHeapSize                          = 67108864                                  {product} {command line}
   size_t MarkStackSize                            = 4194304                                   {product} {ergonomic}
   size_t MaxHeapSize                              = 67108864                                  {product} {command line}
   size_t MinHeapDeltaBytes                        = 1048576                                   {product} {ergonomic}
   size_t MinHeapSize                              = 67108864                                  {product} {command line}
    uintx NonNMethodCodeHeapSize                   = 7602480                                {pd product} {ergonomic}
    uintx NonProfiledCodeHeapSize                  = 122027880                              {pd product} {ergonomic}
    uintx ProfiledCodeHeapSize                     = 122027880                              {pd product} {ergonomic}
    uintx ReservedCodeCacheSize                    = 251658240                              {pd product} {ergonomic}
     bool SegmentedCodeCache                       = true                                      {product} {ergonomic}
   size_t SoftMaxHeapSize                          = 67108864                               {manageable} {ergonomic}
     bool UseCompressedOops                        = true                           {product lp64_product} {ergonomic}
     bool UseG1GC                                  = true                                      {product} {ergonomic}
     bool UseLargePagesIndividualAllocation        = false                                  {pd product} {ergonomic}

Logging:
Log output configuration:
 #0: stdout all=warning uptime,level,tags foldmultilines=false
 #1: stderr all=off uptime,level,tags foldmultilines=false

Release file:
<release file has not been read>
Environment Variables:
JAVA_HOME=F:\application\jdk-21
PATH=C:\Program Files\Microsoft\jdk-11.0.16.101-hotspot\bin;C:\Windows\system32;C:\Windows;C:\Windows\System32\Wbem;C:\Windows\System32\WindowsPowerShell\v1.0\;C:\Windows\System32\OpenSSH\;C:\Program Files (x86)\NVIDIA Corporation\PhysX\Common;C:\application\OpenSSL-Win64\bin;C:\application\java8\bin;C:\application\java8\jre\bin;D:\python;C:\Program Files\dotnet\;C:\Program Files\Microsoft SQL Server\150\Tools\Binn\;C:\Program Files\Microsoft SQL Server\Client SDK\ODBC\170\Tools\Binn\;E:\ffmpeg-master-latest-win64-gpl\bin;C:\Program Files\NVIDIA Corporation\NVIDIA App\NvDLISR;C:\Program Files (x86)\Windows Kits\10\Windows Performance Toolkit\;D:\python\Scripts;D:\Git\cmd;C:\Program Files\nodejs\;C:\Users\etsuraku\AppData\Local\Microsoft\WindowsApps;C:\Users\etsuraku\.dotnet\tools;D:\cursor\resources\app\bin;C:\Users\etsuraku\AppData\Roaming\npm;F:\uv\bin;D:\IntelliJ IDEA 2026.2.1\bin
USERNAME=etsuraku
OS=Windows_NT
PROCESSOR_IDENTIFIER=Intel64 Family 6 Model 154 Stepping 3, GenuineIntel
TMP=C:\Users\etsuraku\AppData\Local\Temp
TEMP=C:\Users\etsuraku\AppData\Local\Temp




Periodic native trim disabled

---------------  S Y S T E M  ---------------

OS:
 Windows 11 , 64 bit Build 22621 (10.0.22621.3672)
OS uptime: 0 days 5:37 hours
Hyper-V role detected

CPU: total 16 (initial active 16) (8 cores per cpu, 2 threads per core) family 6 model 154 stepping 3 microcode 0x428, cx8, cmov, fxsr, ht, mmx, 3dnowpref, sse, sse2, sse3, ssse3, sse4.1, sse4.2, popcnt, lzcnt, tsc, tscinvbit, avx, avx2, aes, erms, clmul, bmi1, bmi2, adx, sha, fma, vzeroupper, clflush, clflushopt, clwb, hv, serialize, rdtscp, rdpid, fsrm, f16c, cet_ibt, cet_ss
Processor Information for the first 16 processors :
  Max Mhz: 2300, Current Mhz: 2300, Mhz Limit: 2300

Memory: 4k page, system-wide physical 32488M (3465M free)
TotalPageFile size 40680M (AvailPageFile size 5M)
current process WorkingSet (physical memory assigned to process): 12M, peak: 12M
current process commit charge ("private bytes"): 66M, peak: 67M

vm_info: OpenJDK 64-Bit Server VM (21.0.12.1+1-LTS) for windows-amd64 JRE (21.0.12.1+1-LTS), built on 2026-08-18T00:00:00Z by "admin" with MS VC++ 17.12 (VS2022)

END.
